---
source: src/cli/summary.rs
expression: got
---
- chapter:
    name: Chapter title
    location: "./chapter.md"
  nested_items: []
  section_number:
    - 1
