---
source: src/cli/mod.rs
expression: args
---
dir: /usr
create: false
templates: ~
