---
source: src/cli/mod.rs
expression: args
---
dir: BASEDIR
create: true
templates: ~
