---
source: src/html_render.rs
expression: out
input_file: src/render_html_tests/widget.md
---
<h1>Judge0 Widgets</h1>
<p><img src="./screenshots/wallpaper.png" alt="Judge0 Widgets Wallpaper" /></p>
<p>ðŸ˜Ž Online compiler widgets for your website.</p>
<h2>About</h2>
<p><a href="https://widgets.judge0.com"><strong>Judge0 Widgets</strong></a> is a simple, but powerful platform for creating custom online compiler widgets for your website.</p>
<h2>Features</h2>
<ul>
<li>Support for <a href="https://github.com/judge0/judge0#supported-languages">60+ languages</a></li>
<li>Responsive design</li>
<li>Easy embedding with the single line of HTML</li>
<li>Light and dark theme</li>
<li>Custom and reorderable layout</li>
<li>Custom CSS and branding</li>
<li>Optional UI language</li>
<li>Custom expected output for validating userâ€™s code</li>
</ul>
<h2>Get Started</h2>
<ol>
<li>Choose a plan for <a href="https://rapidapi.com/hermanzdosilovic/api/judge0/pricing">Judge0</a> and/or <a href="https://rapidapi.com/hermanzdosilovic/api/judge0-extra/pricing">Judge0 Extra</a> (itâ€™s <strong>FREE</strong>).</li>
<li>Use your RapidAPI key at https://widgets.judge0.com.</li>
</ol>
<h2>Features for Paid Users</h2>
<p>If you are subscribed to a paid plan of at least one flavor of Judge0, you are a paid user.</p>
<p>As a paid user you can set and save <em>Custom CSS</em> or <em>Expected Output</em> for your Judge0 Widget, but as a basic user, you can just preview these features.</p>
<h2>UI Translations</h2>
<p>Do you want to have an option for translating the UI to your native language? Please contribute to this project by translating the values in <a href="./i18n/en.css">en.css</a>.</p>
<h2>FAQ</h2>
<details>
<summary>Click here to expand.</summary>
<h3>What are Judge0 and Judge0 Extra?</h3>
<p><a href="https://rapidapi.com/hermanzdosilovic/api/judge0/pricing">Judge0</a> and <a href="https://rapidapi.com/hermanzdosilovic/api/judge0-extra/pricing">Judge0 Extra</a> are two flavors of the most advanced open-source online code execution system in the world - <a href="https://github.com/judge0/judge0">Judge0</a>.</p>
<h3>What is Judge0 used for?</h3>
<p>
Judge0 is used for securely compiling and running the code your users write in the Judge0 Widgets.
</p>
<h3>Why do I need to sign up on RapidAPI?</h3>
<p>You need to sign up on RapidAPI and subscribe to <a href="https://rapidapi.com/hermanzdosilovic/api/judge0/pricing">Judge0</a> and/or <a href="https://rapidapi.com/hermanzdosilovic/api/judge0-extra/pricing">Judge0 Extra</a> to get your RapidAPI key which will be used for communicating with the Judge0.</p>
<h3>Where can I find my RapidAPI Key?</h3>
<p>
After signing up to RapidAPI, subscribe to <a href="https://rapidapi.com/hermanzdosilovic/api/judge0/pricing">Judge0</a> and/or <a href="https://rapidapi.com/hermanzdosilovic/api/judge0-extra/pricing">Judge0 Extra</a> and visit <a href="https://rapidapi.com/hermanzdosilovic/api/judge0/endpoints"><em>Endpoints</em></a>
<img src="./screenshots/rapidapi_key.png" alt="Where is my RapidAPI key?">
</p>
<h3>How do I remove Judge0 Widgets branding?</h3>
If you are a paid user you can use the <em>Custom CSS</em> feature that allows you to inject custom CSS into the widget.
<pre><code><span class="hljs-selector-id">#judge0-widgets-copyright</span> {
    <span class="hljs-attribute">display</span>: none;
}
</code></pre>
</details>
<h2>Screenshots</h2>
<p>Creating a Judge0 Widget with light theme and English UI.
<img src="./screenshots/create_widget_light_theme.png" alt="" /></p>
<p>Judge0 Widget with UI translated to Croatian.
<img src="./screenshots/widget_optional_theme_dark_hr.png" alt="" /></p>
<p>Editing Judge0 Widget settings.
<img src="./screenshots/widget_settings.png" alt="" /></p>
<p>Saving Judge0 Widget and getting instructions for embedding.
<img src="./screenshots/save_widget.png" alt="" /></p>
<p>Judge0 Widget in an online workbook with programming exercises.
<img src="./screenshots/zbirka_online.png" alt="" /></p>

