---
source: src/cli.rs
expression: args
---
dir: /usr
create: false
templates: ~
