---
source: src/cli.rs
expression: args
---
dir: BASEDIR
create: true
templates: ~
