---
source: src/create_missing.rs
expression: paths
---
- ""
- /book-1
- /book-1/SUMMARY.md
- /book-1/appendix-00.md
- /book-1/appendix-01-keywords.md
- /book-1/appendix-02-operators.md
- /book-1/appendix-03-derivable-traits.md
- /book-1/appendix-04-useful-development-tools.md
- /book-1/appendix-05-editions.md
- /book-1/appendix-06-translation.md
- /book-1/appendix-07-nightly-rust.md
- /book-1/ch00-00-introduction.md
- /book-1/ch01-00-getting-started.md
- /book-1/ch01-01-installation.md
- /book-1/ch01-02-hello-world.md
- /book-1/ch01-03-hello-cargo.md
- /book-1/ch02-00-guessing-game-tutorial.md
- /book-1/ch03-00-common-programming-concepts.md
- /book-1/ch03-01-variables-and-mutability.md
- /book-1/ch03-02-data-types.md
- /book-1/ch03-03-how-functions-work.md
- /book-1/ch03-04-comments.md
- /book-1/ch03-05-control-flow.md
- /book-1/ch04-00-understanding-ownership.md
- /book-1/ch04-01-what-is-ownership.md
- /book-1/ch04-02-references-and-borrowing.md
- /book-1/ch04-03-slices.md
- /book-1/ch05-00-structs.md
- /book-1/ch05-01-defining-structs.md
- /book-1/ch05-02-example-structs.md
- /book-1/ch05-03-method-syntax.md
- /book-1/ch06-00-enums.md
- /book-1/ch06-01-defining-an-enum.md
- /book-1/ch06-02-match.md
- /book-1/ch06-03-if-let.md
- /book-1/ch07-00-managing-growing-projects-with-packages-crates-and-modules.md
- /book-1/ch07-01-packages-and-crates.md
- /book-1/ch07-02-defining-modules-to-control-scope-and-privacy.md
- /book-1/ch07-03-paths-for-referring-to-an-item-in-the-module-tree.md
- /book-1/ch07-04-bringing-paths-into-scope-with-the-use-keyword.md
- /book-1/ch07-05-separating-modules-into-different-files.md
- /book-1/ch08-00-common-collections.md
- /book-1/ch08-01-vectors.md
- /book-1/ch08-02-strings.md
- /book-1/ch08-03-hash-maps.md
- /book-1/ch09-00-error-handling.md
- /book-1/ch09-01-unrecoverable-errors-with-panic.md
- /book-1/ch09-02-recoverable-errors-with-result.md
- /book-1/ch09-03-to-panic-or-not-to-panic.md
- /book-1/ch10-00-generics.md
- /book-1/ch10-01-syntax.md
- /book-1/ch10-02-traits.md
- /book-1/ch10-03-lifetime-syntax.md
- /book-1/ch11-00-testing.md
- /book-1/ch11-01-writing-tests.md
- /book-1/ch11-02-running-tests.md
- /book-1/ch11-03-test-organization.md
- /book-1/ch12-00-an-io-project.md
- /book-1/ch12-01-accepting-command-line-arguments.md
- /book-1/ch12-02-reading-a-file.md
- /book-1/ch12-03-improving-error-handling-and-modularity.md
- /book-1/ch12-04-testing-the-librarys-functionality.md
- /book-1/ch12-05-working-with-environment-variables.md
- /book-1/ch12-06-writing-to-stderr-instead-of-stdout.md
- /book-1/ch13-00-functional-features.md
- /book-1/ch13-01-closures.md
- /book-1/ch13-02-iterators.md
- /book-1/ch13-03-improving-our-io-project.md
- /book-1/ch13-04-performance.md
- /book-1/ch14-00-more-about-cargo.md
- /book-1/ch14-01-release-profiles.md
- /book-1/ch14-02-publishing-to-crates-io.md
- /book-1/ch14-03-cargo-workspaces.md
- /book-1/ch14-04-installing-binaries.md
- /book-1/ch14-05-extending-cargo.md
- /book-1/ch15-00-smart-pointers.md
- /book-1/ch15-01-box.md
- /book-1/ch15-02-deref.md
- /book-1/ch15-03-drop.md
- /book-1/ch15-04-rc.md
- /book-1/ch15-05-interior-mutability.md
- /book-1/ch15-06-reference-cycles.md
- /book-1/ch16-00-concurrency.md
- /book-1/ch16-01-threads.md
- /book-1/ch16-02-message-passing.md
- /book-1/ch16-03-shared-state.md
- /book-1/ch16-04-extensible-concurrency-sync-and-send.md
- /book-1/ch17-00-oop.md
- /book-1/ch17-01-what-is-oo.md
- /book-1/ch17-02-trait-objects.md
- /book-1/ch17-03-oo-design-patterns.md
- /book-1/ch18-00-patterns.md
- /book-1/ch18-01-all-the-places-for-patterns.md
- /book-1/ch18-02-refutability.md
- /book-1/ch18-03-pattern-syntax.md
- /book-1/ch19-00-advanced-features.md
- /book-1/ch19-01-unsafe-rust.md
- /book-1/ch19-03-advanced-traits.md
- /book-1/ch19-04-advanced-types.md
- /book-1/ch19-05-advanced-functions-and-closures.md
- /book-1/ch19-06-macros.md
- /book-1/ch20-00-final-project-a-web-server.md
- /book-1/ch20-01-single-threaded.md
- /book-1/ch20-02-multithreaded.md
- /book-1/ch20-03-graceful-shutdown-and-cleanup.md
- /book-1/foreword.md
- /book-1/title-page.md
- /book-2
- /book-2/README.md
- /book-2/SUMMARY.md
- /book-2/cli
- /book-2/cli/README.md
- /book-2/cli/build.md
- /book-2/cli/clean.md
- /book-2/cli/init.md
- /book-2/cli/serve.md
- /book-2/cli/test.md
- /book-2/cli/watch.md
- /book-2/continuous-integration.md
- /book-2/for_developers
- /book-2/for_developers/README.md
- /book-2/for_developers/backends.md
- /book-2/for_developers/preprocessors.md
- /book-2/format
- /book-2/format/README.md
- /book-2/format/config.md
- /book-2/format/mathjax.md
- /book-2/format/mdbook.md
- /book-2/format/summary.md
- /book-2/format/theme
- /book-2/format/theme/README.md
- /book-2/format/theme/editor.md
- /book-2/format/theme/index-hbs.md
- /book-2/format/theme/syntax-highlighting.md
- /book-2/misc
- /book-2/misc/contributors.md
- /book-3
- /book-3/SUMMARY.md
- /book-3/c1.md
- /book-3/c2.md
- /book-3/c3.md
- /book-3/c31.md
- /book-3/c32.md
- /book-3/c33.md
- /book-3/post1.md
- /book-3/pre1.md
- /book-3/pre2.md
- /xmark.toml
