---
source: src/cli.rs
expression: args
---
dir: /home/nixon/git/xmark
create: true
templates: /home/nixon/git/xmark/www
