---
source: src/summary.rs
expression: got.unwrap()
---
- chapter:
    name: Empty
    location: ~
    nested_items_path: []
  nested_items: []
  section_number:
    - 1
